// Jest Snapshot v1, https://goo.gl/fbAQLP

exports[`Pruebas en Entry component Debe de hacer match con el snapshot 1`] = `
<div class="entry-container mb-3 pointer p-2">
  <div class="entry-title d-flex"><span class="text-success fs-5 fw-bold">05</span><span class="mx-1 fs-5">Aug</span><span class="mx-2 fw-light">2023</span></div>
  <div class="entry-description">No se que paso today</div>
</div>
`;
